// Jest Snapshot v1, https://goo.gl/fbAQLP

exports[`renders 1`] = `
<View>
  <Text>
    working!
  </Text>
</View>
`;
